qdhfnxklnvmmmmmmmmmmm
vkkcnxkckn
